
> @extension/options@0.5.0 build C:\Users\brand\Documents\VSCode\canvas2calendar\pages\options
> vite build

[38;5;142m[dotenvx@1.51.1] injecting env (6) from C:\Users\brand\Documents\VSCode\canvas2calendar\packages\env\dist\lib/../../../../.env[39m
[36mvite v6.4.1 [32mbuilding for production...[36m[39m
transforming...
[32m✓[39m 10 modules transformed.
[31m✗[39m Build failed in 787ms
[31merror during build:
[31m[vite:css] [postcss] C:\Users\brand\Documents\VSCode\canvas2calendar\packages\ui\global.css:1:1: The `border-border` class does not exist. If `border-border` is a custom class, make sure it is defined within a `@layer` directive.[31m
file: [36mC:\Users\brand\Documents\VSCode\canvas2calendar\packages\ui\global.css:1:0 (C:/Users/brand/Documents/VSCode/canvas2calendar/pages/options/src/index.css)[31m
    at Input.error (C:\Users\brand\Documents\VSCode\canvas2calendar\node_modules\.pnpm\postcss@8.5.6\node_modules\postcss\lib\input.js:135:16)
    at AtRule.error (C:\Users\brand\Documents\VSCode\canvas2calendar\node_modules\.pnpm\postcss@8.5.6\node_modules\postcss\lib\node.js:146:32)
    at processApply (C:\Users\brand\Documents\VSCode\canvas2calendar\node_modules\.pnpm\tailwindcss@3.4.18_ts-node@_019485199183af40abacff1cc988c281\node_modules\tailwindcss\lib\lib\expandApplyAtRules.js:380:29)
    at C:\Users\brand\Documents\VSCode\canvas2calendar\node_modules\.pnpm\tailwindcss@3.4.18_ts-node@_019485199183af40abacff1cc988c281\node_modules\tailwindcss\lib\lib\expandApplyAtRules.js:551:9
    at C:\Users\brand\Documents\VSCode\canvas2calendar\node_modules\.pnpm\tailwindcss@3.4.18_ts-node@_019485199183af40abacff1cc988c281\node_modules\tailwindcss\lib\processTailwindFeatures.js:55:50
    at async plugins (C:\Users\brand\Documents\VSCode\canvas2calendar\node_modules\.pnpm\tailwindcss@3.4.18_ts-node@_019485199183af40abacff1cc988c281\node_modules\tailwindcss\lib\plugin.js:38:17)
    at async LazyResult.runAsync (C:\Users\brand\Documents\VSCode\canvas2calendar\node_modules\.pnpm\postcss@8.5.6\node_modules\postcss\lib\lazy-result.js:293:11)
    at async runPostCSS (file:///C:/Users/brand/Documents/VSCode/canvas2calendar/node_modules/.pnpm/vite@6.4.1_@types+node@22.1_f74f2a1774eec68690b4d58b5b5dcf0d/node_modules/vite/dist/node/chunks/dep-D4NMHUTW.js:43853:21)
    at async compilePostCSS (file:///C:/Users/brand/Documents/VSCode/canvas2calendar/node_modules/.pnpm/vite@6.4.1_@types+node@22.1_f74f2a1774eec68690b4d58b5b5dcf0d/node_modules/vite/dist/node/chunks/dep-D4NMHUTW.js:43823:18)
    at async compileCSS (file:///C:/Users/brand/Documents/VSCode/canvas2calendar/node_modules/.pnpm/vite@6.4.1_@types+node@22.1_f74f2a1774eec68690b4d58b5b5dcf0d/node_modules/vite/dist/node/chunks/dep-D4NMHUTW.js:43678:27)[39m
C:\Users\brand\Documents\VSCode\canvas2calendar\pages\options:
 ERR_PNPM_RECURSIVE_RUN_FIRST_FAIL  @extension/options@0.5.0 build: `vite build`
Exit status 1
